T=40 -> OPTIMAL  obj=34.83  gap=0.0  rt=15.4s  (brute-force agrees: true)
T=60 -> OPTIMAL  obj=41.9892  gap=0.0  rt=31.7s  (brute-force agrees: true)
T=80 -> OPTIMAL  obj=73.6531  gap=0.0  rt=68.0s  (brute-force agrees: true)
T=100 -> OPTIMAL  obj=82.9035  gap=0.0  rt=400.0s  (brute-force agrees: true)
T=120 -> OPTIMAL  obj=132.9811  gap=0.0  rt=297.0s  (brute-force agrees: true)
┌ Warning: Assignment to `consecutive_fail` in soft scope is ambiguous because a global variable by the same name exists: `consecutive_fail` will be treated as a new local. Disambiguate by using `local consecutive_fail` to suppress this warning or `global consecutive_fail` to assign to the existing global variable.
└ @ ~/Documents/IJF Special Issue/Sarimax.jl/experiments/scripts/run_solver_scip_scaling.jl:80
ERROR: LoadError: ArgumentError: NaN not allowed to be written in JSON spec; pass `allownan=true` to allow anyway
Stacktrace:
  [1] infcheck(x::Float64, allownan::Bool)
    @ JSON ~/.julia/packages/JSON/gMdcG/src/write.jl:766
  [2] _number(buf::Vector{UInt8}, pos::Int64, x::Float64, opts::JSON.WriteOptions{JSON.JSONWriteStyle}, io::Nothing, bufsize::Int64)
    @ JSON ~/.julia/packages/JSON/gMdcG/src/write.jl:784
  [3] json!
    @ ~/.julia/packages/JSON/gMdcG/src/write.jl:656 [inlined]
  [4] (::JSON.WriteClosure{JSON.WriteOptions{JSON.JSONWriteStyle}, false, Dict{String, Any}, Nothing})(key::String, val::Float64)
    @ JSON ~/.julia/packages/JSON/gMdcG/src/write.jl:606
  [5] json!(buf::Vector{UInt8}, pos::Int64, x::Dict{String, Any}, opts::JSON.WriteOptions{JSON.JSONWriteStyle}, ancestor_stack::Vector{Any}, io::Nothing, ind::Int64, depth::Int64, bufsize::Int64)
    @ JSON ~/.julia/packages/JSON/gMdcG/src/write.jl:685
  [6] json! (repeats 3 times)
    @ ~/.julia/packages/JSON/gMdcG/src/write.jl:622 [inlined]
  [7] json(x::Dict{String, Any}; pretty::Bool, kw::@Kwargs{})
    @ JSON ~/.julia/packages/JSON/gMdcG/src/write.jl:490
  [8] json
    @ ~/.julia/packages/JSON/gMdcG/src/write.jl:483 [inlined]
  [9] #1
    @ ~/Documents/IJF Special Issue/Sarimax.jl/experiments/scripts/bench_common.jl:12 [inlined]
 [10] open(::var"#1#2"{Dict{String, Any}}, ::String, ::Vararg{String}; kwargs::@Kwargs{})
    @ Base ./io.jl:410
 [11] open
    @ ./io.jl:407 [inlined]
 [12] append_record(path::String, rec::Dict{String, Any})
    @ Main ~/Documents/IJF Special Issue/Sarimax.jl/experiments/scripts/bench_common.jl:11
 [13] top-level scope
    @ ~/Documents/IJF Special Issue/Sarimax.jl/experiments/scripts/run_solver_scip_scaling.jl:75
in expression starting at /Users/luizfernandoduarte/Documents/IJF Special Issue/Sarimax.jl/experiments/scripts/run_solver_scip_scaling.jl:48
